================================================================================
  M365 Assessment Issue Report
  Version:   v2.13.0
  Generated: 2026-10-02 16:46:32
  Tenant:    t-a
  Output:    schedules/sch-1/f03495b6-ea22-4f7a-9621-cf4ac06f8ad0/Assessment_20261002_164629
================================================================================

--- Issue 1 / 4 --------------------------------------------------
Severity:    ERROR
Section:     Tenant
Collector:   (connection)
Description: Graph connection failed
Error:       Failed to connect to Graph: 'CertificateThumbprint' must have a len...
Action:      Review the error details in _Assessment-Log.txt and retry.
------------------------------------------------------------------------

--- Issue 2 / 4 --------------------------------------------------
Severity:    ERROR
Section:     Email
Collector:   (connection)
Description: ExchangeOnline connection failed
Error:       Failed to connect to ExchangeOnline: -CertificateThumbprint is Wind...
Action:      Review the error details in _Assessment-Log.txt and retry.
------------------------------------------------------------------------

--- Issue 3 / 4 --------------------------------------------------
Severity:    ERROR
Section:     Security
Collector:   (connection)
Description: Purview connection failed
Error:       Failed to connect to Purview: -CertificateThumbprint is Windows-onl...
Action:      Review the error details in _Assessment-Log.txt and retry.
------------------------------------------------------------------------

--- Issue 4 / 4 --------------------------------------------------
Severity:    ERROR
Section:     PowerBI
Collector:   Power BI Security Config
Description: Collector error
Error:       Child process failed: Write-Error: /tmp/m365assess_pbi_we3fccv4.f3x.ps1:6
Line |
   6 |  … /Connect-Service.ps1' @connectParams } catch { Write-Error $_; exit 1 …
     |                                                   ~~~~~~~~~~~~~~
     | Failed to connect to PowerBI: One or more errors occurred. (Unix
     | LocalMachine X509Store is limited to the Root and CertificateAuthority
     | stores.)
Action:      Review the error details in _Assessment-Log.txt and retry.
------------------------------------------------------------------------

================================================================================
  Summary: 4 errors, 0 warnings, 0 info
================================================================================
